#
# There is insufficient memory for the Java Runtime Environment to continue.
# Native memory allocation (mmap) failed to map 134217728 bytes for G1 virtual space
# Possible reasons:
#   The system is out of physical RAM or swap space
#   The process is running with CompressedOops enabled, and the Java Heap may be blocking the growth of the native heap
# Possible solutions:
#   Reduce memory load on the system
#   Increase physical memory or swap space
#   Check if swap backing store is full
#   Decrease Java heap size (-Xmx/-Xms)
#   Decrease number of Java threads
#   Decrease Java thread stack sizes (-Xss)
#   Set larger code cache with -XX:ReservedCodeCacheSize=
#   JVM is running with Unscaled Compressed Oops mode in which the Java heap is
#     placed in the first 4GB address space. The Java Heap base address is the
#     maximum limit for the native heap growth. Please use -XX:HeapBaseMinAddress
#     to set the Java Heap base and to place the Java Heap above 4GB virtual address.
# This output file may be truncated or incomplete.
#
#  Out of Memory Error (os_windows.cpp:3600), pid=14476, tid=7244
#
# JRE version:  (21.0.2+13) (build )
# Java VM: Java HotSpot(TM) 64-Bit Server VM (21.0.2+13-LTS-58, mixed mode, emulated-client, sharing, tiered, compressed oops, compressed class ptrs, g1 gc, windows-amd64)
# No core dump will be written. Minidumps are not enabled by default on client versions of Windows
#

---------------  S U M M A R Y ------------

Command Line: -XX:TieredStopAtLevel=1 com.wrapitup.analysis.AnalysisServiceApplication

Host: Intel(R) Core(TM) i5-5300U CPU @ 2.30GHz, 4 cores, 7G,  Windows 10 , 64 bit Build 19041 (10.0.19041.5915)
Time: Sat Sep 26 22:43:40 2026 India Standard Time elapsed time: 0.029558 seconds (0d 0h 0m 0s)

---------------  T H R E A D  ---------------

Current thread (0x000002be55bdf240):  JavaThread "Unknown thread" [_thread_in_vm, id=7244, stack(0x000000ecf3800000,0x000000ecf3900000) (1024K)]

Stack: [0x000000ecf3800000,0x000000ecf3900000]
Native frames: (J=compiled Java code, j=interpreted, Vv=VM code, C=native code)
V  [jvm.dll+0x6cade9]
V  [jvm.dll+0x8569c1]
V  [jvm.dll+0x858d2e]
V  [jvm.dll+0x859413]
V  [jvm.dll+0x280e56]
V  [jvm.dll+0x6c74d5]
V  [jvm.dll+0x6bbeca]
V  [jvm.dll+0x355bca]
V  [jvm.dll+0x35d816]
V  [jvm.dll+0x3ae67e]
V  [jvm.dll+0x3ae928]
V  [jvm.dll+0x3295dc]
V  [jvm.dll+0x32a16b]
V  [jvm.dll+0x81efa9]
V  [jvm.dll+0x3bba01]
V  [jvm.dll+0x807928]
V  [jvm.dll+0x44f50e]
V  [jvm.dll+0x450e11]
C  [jli.dll+0x52a3]
C  [ucrtbase.dll+0x21bb2]
C  [KERNEL32.DLL+0x17374]
C  [ntdll.dll+0x4cc91]


---------------  P R O C E S S  ---------------

Threads class SMR info:
_java_thread_list=0x00007ffe4829bb88, length=0, elements={
}

Java Threads: ( => current thread )
Total: 0

Other Threads:
  0x000002be55d33020 WorkerThread "GC Thread#0"                     [id=2248, stack(0x000000ecf3900000,0x000000ecf3a00000) (1024K)]
  0x000002be55d44450 ConcurrentGCThread "G1 Main Marker"            [id=14416, stack(0x000000ecf3a00000,0x000000ecf3b00000) (1024K)]
  0x000002be55d45f60 WorkerThread "G1 Conc#0"                       [id=11444, stack(0x000000ecf3b00000,0x000000ecf3c00000) (1024K)]

[error occurred during error reporting (printing all threads), id 0xc0000005, EXCEPTION_ACCESS_VIOLATION (0xc0000005) at pc=0x00007ffe47a0c6a7]
VM state: not at safepoint (not fully initialized)

VM Mutex/Monitor currently owned by a thread:  ([mutex/lock_event])
[0x00007ffe4830ce68] Heap_lock - owner thread: 0x000002be55bdf240

Heap address: 0x0000000081e00000, size: 2018 MB, Compressed Oops mode: 32-bit

CDS archive(s) mapped at: [0x0000000000000000-0x0000000000000000-0x0000000000000000), size 0, SharedBaseAddress: 0x0000000800000000, ArchiveRelocationMode: 1.
Narrow klass base: 0x0000000000000000, Narrow klass shift: 0, Narrow klass range: 0x0

GC Precious Log:
 CardTable entry size: 512
 Card Set container configuration: InlinePtr #cards 5 size 8 Array Of Cards #cards 12 size 40 Howl #buckets 4 coarsen threshold 1843 Howl Bitmap #cards 512 size 80 coarsen threshold 460 Card regions per heap region 1 cards per card region 2048

Heap:
 garbage-first heap   total 0K, used 0K [0x0000000081e00000, 0x0000000100000000)
  region size 1024K, 0 young (0K), 0 survivors (0K)

[error occurred during error reporting (printing heap information), id 0xc0000005, EXCEPTION_ACCESS_VIOLATION (0xc0000005) at pc=0x00007ffe47df39f9]
GC Heap History (0 events):
No events

Dll operation events (1 events):
Event: 0.016 Loaded shared library C:\Program Files\Java\jdk-21\bin\java.dll

Deoptimization events (0 events):
No events

Classes loaded (0 events):
No events

Classes unloaded (0 events):
No events

Classes redefined (0 events):
No events

Internal exceptions (0 events):
No events

ZGC Phase Switch (0 events):
No events

VM Operations (0 events):
No events

Events (0 events):
No events


Dynamic libraries:
0x00007ff6086f0000 - 0x00007ff608700000 	C:\Program Files\Java\jdk-21\bin\java.exe
0x00007ffea9610000 - 0x00007ffea9808000 	C:\WINDOWS\SYSTEM32\ntdll.dll
0x00007ffea84b0000 - 0x00007ffea8572000 	C:\WINDOWS\System32\KERNEL32.DLL
0x00007ffea7180000 - 0x00007ffea7476000 	C:\WINDOWS\System32\KERNELBASE.dll
0x00007ffea7080000 - 0x00007ffea7180000 	C:\WINDOWS\System32\ucrtbase.dll
0x00007ffe91a70000 - 0x00007ffe91a89000 	C:\Program Files\Java\jdk-21\bin\jli.dll
0x00007ffe919f0000 - 0x00007ffe91a0b000 	C:\Program Files\Java\jdk-21\bin\VCRUNTIME140.dll
0x00007ffea88f0000 - 0x00007ffea89a1000 	C:\WINDOWS\System32\ADVAPI32.dll
0x00007ffea7b60000 - 0x00007ffea7bfe000 	C:\WINDOWS\System32\msvcrt.dll
0x00007ffea9200000 - 0x00007ffea929f000 	C:\WINDOWS\System32\sechost.dll
0x00007ffea79e0000 - 0x00007ffea7b00000 	C:\WINDOWS\System32\RPCRT4.dll
0x00007ffea6fa0000 - 0x00007ffea6fc7000 	C:\WINDOWS\System32\bcrypt.dll
0x00007ffea8a10000 - 0x00007ffea8bb1000 	C:\WINDOWS\System32\USER32.dll
0x00007ffea7050000 - 0x00007ffea7072000 	C:\WINDOWS\System32\win32u.dll
0x00007ffea91d0000 - 0x00007ffea91fb000 	C:\WINDOWS\System32\GDI32.dll
0x00007ffea6df0000 - 0x00007ffea6f09000 	C:\WINDOWS\System32\gdi32full.dll
0x00007ffe99730000 - 0x00007ffe999cb000 	C:\WINDOWS\WinSxS\amd64_microsoft.windows.common-controls_6595b64144ccf1df_6.0.19041.6456_none_60b8a6cb71f64256\COMCTL32.dll
0x00007ffea6d50000 - 0x00007ffea6ded000 	C:\WINDOWS\System32\msvcp_win.dll
0x00007ffe9ee40000 - 0x00007ffe9ee4a000 	C:\WINDOWS\SYSTEM32\VERSION.dll
0x00007ffea79b0000 - 0x00007ffea79df000 	C:\WINDOWS\System32\IMM32.DLL
0x00007ffe91ba0000 - 0x00007ffe91bac000 	C:\Program Files\Java\jdk-21\bin\vcruntime140_1.dll
0x00007ffe82f30000 - 0x00007ffe82fbe000 	C:\Program Files\Java\jdk-21\bin\msvcp140.dll
0x00007ffe476d0000 - 0x00007ffe483e7000 	C:\Program Files\Java\jdk-21\bin\server\jvm.dll
0x00007ffea9560000 - 0x00007ffea95cb000 	C:\WINDOWS\System32\WS2_32.dll
0x00007ffea61f0000 - 0x00007ffea623b000 	C:\WINDOWS\SYSTEM32\POWRPROF.dll
0x00007ffe99ba0000 - 0x00007ffe99bc7000 	C:\WINDOWS\SYSTEM32\WINMM.dll
0x00007ffea6060000 - 0x00007ffea6072000 	C:\WINDOWS\SYSTEM32\UMPDC.dll
0x00007ffea4ad0000 - 0x00007ffea4ae2000 	C:\WINDOWS\SYSTEM32\kernel.appcore.dll
0x00007ffe917c0000 - 0x00007ffe917ca000 	C:\Program Files\Java\jdk-21\bin\jimage.dll
0x00007ffe96400000 - 0x00007ffe96601000 	C:\WINDOWS\SYSTEM32\DBGHELP.DLL
0x00007ffe97930000 - 0x00007ffe97964000 	C:\WINDOWS\SYSTEM32\dbgcore.DLL
0x00007ffea6f10000 - 0x00007ffea6f92000 	C:\WINDOWS\System32\bcryptPrimitives.dll
0x00007ffe83e00000 - 0x00007ffe83e1f000 	C:\Program Files\Java\jdk-21\bin\java.dll

dbghelp: loaded successfully - version: 4.0.5 - missing functions: none
symbol engine: initialized successfully - sym options: 0x614 - pdb path: .;C:\Program Files\Java\jdk-21\bin;C:\WINDOWS\SYSTEM32;C:\WINDOWS\WinSxS\amd64_microsoft.windows.common-controls_6595b64144ccf1df_6.0.19041.6456_none_60b8a6cb71f64256;C:\Program Files\Java\jdk-21\bin\server

VM Arguments:
jvm_args: -XX:TieredStopAtLevel=1 
java_command: com.wrapitup.analysis.AnalysisServiceApplication
java_class_path (initial): D:\Programming files I made\wrap-it-up\analysis-service\target\classes;C:\Users\vishu\.m2\repository\org\springframework\boot\spring-boot\3.2.5\spring-boot-3.2.5.jar;C:\Users\vishu\.m2\repository\org\springframework\boot\spring-boot-autoconfigure\3.2.5\spring-boot-autoconfigure-3.2.5.jar;C:\Users\vishu\.m2\repository\org\apache\logging\log4j\log4j-to-slf4j\2.21.1\log4j-to-slf4j-2.21.1.jar;C:\Users\vishu\.m2\repository\org\apache\logging\log4j\log4j-api\2.21.1\log4j-api-2.21.1.jar;C:\Users\vishu\.m2\repository\org\slf4j\jul-to-slf4j\2.0.13\jul-to-slf4j-2.0.13.jar;C:\Users\vishu\.m2\repository\jakarta\annotation\jakarta.annotation-api\2.1.1\jakarta.annotation-api-2.1.1.jar;C:\Users\vishu\.m2\repository\org\yaml\snakeyaml\2.2\snakeyaml-2.2.jar;C:\Users\vishu\.m2\repository\com\fasterxml\jackson\datatype\jackson-datatype-jdk8\2.15.4\jackson-datatype-jdk8-2.15.4.jar;C:\Users\vishu\.m2\repository\com\fasterxml\jackson\datatype\jackson-datatype-jsr310\2.15.4\jackson-datatype-jsr310-2.15.4.jar;C:\Users\vishu\.m2\repository\com\fasterxml\jackson\module\jackson-module-parameter-names\2.15.4\jackson-module-parameter-names-2.15.4.jar;C:\Users\vishu\.m2\repository\org\apache\tomcat\embed\tomcat-embed-core\10.1.20\tomcat-embed-core-10.1.20.jar;C:\Users\vishu\.m2\repository\org\apache\tomcat\embed\tomcat-embed-el\10.1.20\tomcat-embed-el-10.1.20.jar;C:\Users\vishu\.m2\repository\org\apache\tomcat\embed\tomcat-embed-websocket\10.1.20\tomcat-embed-websocket-10.1.20.jar;C:\Users\vishu\.m2\repository\org\springframework\spring-web\6.1.6\spring-web-6.1.6.jar;C:\Users\vishu\.m2\repository\org\springframework\spring-beans\6.1.6\spring-beans-6.1.6.jar;C:\Users\vishu\.m2\repository\org\springframework\spring-webmvc\6.1.6\spring-webmvc-6.1.6.jar;C:\Users\vishu\.m2\repository\org\springframework\spring-aop\6.1.6\spring-aop-6.1.6.jar;C:\Users\vishu\.m2\repository\org\springframework\spring-expression\6.1.6\spring-expression-6.1.6.jar;C:\Users\vishu\.m2\repository\org\springframework\kafka\spring-kafka\3.1.4\spring-kafka-3.1.4.jar;C:\Users\vishu\.m2\repository\org\springframework\spring-context\6.1.6\spring-context-6.1.6.jar;C:\Users\vishu\.m2\repository\org\springframework\spring-messaging\6.1.6\spring-messaging-6.1.6.jar;C:\Users\vishu\.m2\repository\org\springframework\spring-tx\6.1.6\spring-tx-6.1.6.jar;C:\Users\vishu\.m2\repository\org\springframework\retry\spring-retry\2.0.5\spring-retry-2.0.5.jar;C:\Users\vishu\.m2\repository\org\apache\kafka\kafka-clients\3.6.2\kafka-clients-3.6.2.jar;C:\Users\vishu\.m2\repository\com\github\luben\zstd-jni\1.5.5-1\zstd-jni-1.5.5-1.jar;C:\Users\vishu\.m2\repository\org\lz4\lz4-java\1.8.0\lz4-java-1.8.0.jar;C:\Users\vishu\.m2\repository\org\xerial\snappy\snappy-java\1.1.10.5\snappy-java-1.1.10.5.jar;C:\Users\vishu\.m2\repository\org\slf4j\slf4j-api\2.0.13\slf4j-api-2.0.13.jar;C:\Users\vishu\.m2\repository\io\micrometer\micrometer-observation\1.12.5\micrometer-observation-1.12.5.jar;C:\Users\vishu\.m2\repository\io\micrometer\micrometer-commons\1.12.5\micrometer-commons-1.12.5.jar;C:\Users\vishu\.m2\repository\com\google\code\findbugs\jsr305\3.0.2\jsr305-3.0.2.jar;C:\Users\vishu\.m2\repository\com\wrapitup\common\1.0.0\common-1.0.0.jar;C:\Users\vishu\.m2\repository\org\projectlombok\lombok\1.18.48\lombok-1.18.48.jar;C:\Users\vishu\.m2\repository\org\springframework\spring-core\6.1.6\spring-core-6.1.6.jar;C:\Users\vishu\.m2\repository\org\springframework\spring-jcl\6.1.6\spring-jcl-6.1.6.jar;C:\Users\vishu\.m2\repository\com\fasterxml\jackson\core\jackson-databind\2.15.4\jackson-databind-2.15.4.jar;C:\Users\vishu\.m2\repository\com\fasterxml\jackson\core\jackson-annotations\2.15.4\jackson-annotations-2.15.4.jar;C:\Users\vishu\.m2\repository\com\fasterxml\jackson\core\jackson-core\2.15.4\jackson-core-2.15.4.jar;C:\Users\vishu\.m2\repository\ch\qos\logback\logback-core\1.4.14\logback-core-1.4.14.jar;C:\Users\vishu\.m2\repository\ch\qos\logback\logback-classic\1.4.14\logback-classic-1.4.14.jar
Launcher Type: SUN_STANDARD

[Global flags]
     intx CICompilerCount                          = 3                                         {product} {ergonomic}
     uint ConcGCThreads                            = 1                                         {product} {ergonomic}
     uint G1ConcRefinementThreads                  = 4                                         {product} {ergonomic}
   size_t G1HeapRegionSize                         = 1048576                                   {product} {ergonomic}
    uintx GCDrainStackTargetSize                   = 64                                        {product} {ergonomic}
   size_t InitialHeapSize                          = 134217728                                 {product} {ergonomic}
   size_t MarkStackSize                            = 4194304                                   {product} {ergonomic}
   size_t MaxHeapSize                              = 2116026368                                {product} {ergonomic}
   size_t MinHeapDeltaBytes                        = 1048576                                   {product} {ergonomic}
   size_t MinHeapSize                              = 8388608                                   {product} {ergonomic}
    uintx NonNMethodCodeHeapSize                   = 4096                                   {pd product} {ergonomic}
    uintx NonProfiledCodeHeapSize                  = 0                                      {pd product} {ergonomic}
     bool ProfileInterpreter                       = false                                  {pd product} {command line}
    uintx ProfiledCodeHeapSize                     = 0                                      {pd product} {ergonomic}
   size_t SoftMaxHeapSize                          = 2116026368                             {manageable} {ergonomic}
     intx TieredStopAtLevel                        = 1                                         {product} {command line}
     bool UseCompressedOops                        = true                           {product lp64_product} {ergonomic}
     bool UseG1GC                                  = true                                      {product} {ergonomic}
     bool UseLargePagesIndividualAllocation        = false                                  {pd product} {ergonomic}

Logging:
Log output configuration:
 #0: stdout all=warning uptime,level,tags foldmultilines=false
 #1: stderr all=off uptime,level,tags foldmultilines=false

Environment Variables:
CLASSPATH=C:\Program Files\Java\jdk-21\mysql-connector-j-9.0.0.jar;.;
PATH=C:\Program Files\Common Files\Oracle\Java\javapath;C:\WINDOWS\system32;C:\WINDOWS;C:\WINDOWS\System32\Wbem;C:\WINDOWS\System32\WindowsPowerShell\v1.0\;C:\WINDOWS\System32\OpenSSH\;C:\Program Files\Git\cmd;C:\Users\vishu\AppData\Local\Microsoft\WindowsApps;;C:\Program Files\JetBrains\IntelliJ IDEA Community Edition 2023.3.4\bin;;C:\Program Files\JetBrains\IntelliJ IDEA 2026.2.0.1\bin;C:\Users\vishu\AppData\Local\Programs\DockerDesktop\resources\bin
USERNAME=Kumar Aditya
OS=Windows_NT
PROCESSOR_IDENTIFIER=Intel64 Family 6 Model 61 Stepping 4, GenuineIntel
TMP=C:\Users\vishu\AppData\Local\Temp
TEMP=C:\Users\vishu\AppData\Local\Temp




Periodic native trim disabled

---------------  S Y S T E M  ---------------

OS:
 Windows 10 , 64 bit Build 19041 (10.0.19041.5915)
OS uptime: 0 days 1:29 hours
Hyper-V role detected

CPU: total 4 (initial active 4) (2 cores per cpu, 2 threads per core) family 6 model 61 stepping 4 microcode 0x2d, cx8, cmov, fxsr, ht, mmx, 3dnowpref, sse, sse2, sse3, ssse3, sse4.1, sse4.2, popcnt, lzcnt, tsc, tscinvbit, avx, avx2, aes, erms, clmul, bmi1, bmi2, rtm, adx, fma, vzeroupper, clflush, hv, rdtscp, f16c
Processor Information for all 4 processors :
  Max Mhz: 2301, Current Mhz: 2301, Mhz Limit: 2301

Memory: 4k page, system-wide physical 8067M (263M free)
TotalPageFile size 14330M (AvailPageFile size 47M)
current process WorkingSet (physical memory assigned to process): 10M, peak: 10M
current process commit charge ("private bytes"): 47M, peak: 174M

vm_info: Java HotSpot(TM) 64-Bit Server VM (21.0.2+13-LTS-58) for windows-amd64 JRE (21.0.2+13-LTS-58), built on 2024-01-05T18:32:24Z by "mach5one" with MS VC++ 17.1 (VS2022)

END.
